[19:01:58] [ServerMain/INFO]: [bootstrap] Running Java 21 (OpenJDK 64-Bit Server VM 21.0.7+6-Ubuntu-0ubuntu124.04; Ubuntu null) on Linux 6.8.0-1027-azure (amd64)
[19:01:58] [ServerMain/INFO]: [bootstrap] Loading Paper 1.21.1-57-master@b483da4 (2024-09-01T18:09:05Z) for Minecraft 1.21.1
[19:01:59] [ServerMain/INFO]: [PluginInitializerManager] Initializing plugins...
[19:01:59] [ServerMain/INFO]: [PluginInitializerManager] Initialized 0 plugins
[19:02:11] [ServerMain/INFO]: Environment: Environment[sessionHost=https://sessionserver.mojang.com, servicesHost=https://api.minecraftservices.com, name=PROD]
[19:02:16] [ServerMain/INFO]: Loaded 1290 recipes
[19:02:17] [ServerMain/INFO]: Loaded 1399 advancements
[19:02:17] [Server thread/INFO]: Starting minecraft server version 1.21.1
[19:02:17] [Server thread/INFO]: Loading properties
[19:02:17] [Server thread/INFO]: This server is running Paper version 1.21.1-57-master@b483da4 (2024-09-01T18:09:05Z) (Implementing API version 1.21.1-R0.1-SNAPSHOT)
[19:02:19] [Server thread/INFO]: [spark] This server bundles the spark profiler. For more information please visit https://docs.papermc.io/paper/profiling
[19:02:19] [Server thread/INFO]: Server Ping Player Sample Count: 12
[19:02:19] [Server thread/INFO]: Using 4 threads for Netty based IO
[19:02:22] [Server thread/INFO]: [ChunkTaskScheduler] Chunk system is using 1 I/O threads, 1 worker threads, and population gen parallelism of 1 threads
[19:02:22] [Server thread/INFO]: Default game type: SURVIVAL
[19:02:22] [Server thread/INFO]: Generating keypair
[19:02:22] [Server thread/INFO]: Starting Minecraft server on *:25565
[19:02:23] [Server thread/INFO]: Using epoll channel type
[19:02:23] [Server thread/INFO]: Paper: Using libdeflate (Linux x86_64) compression from Velocity.
[19:02:23] [Server thread/INFO]: Paper: Using OpenSSL 3.0.x (Linux x86_64) cipher from Velocity.
[19:02:23] [Server thread/INFO]: Server permissions file permissions.yml is empty, ignoring it
[19:02:23] [Server thread/WARN]: **** SERVER IS RUNNING IN OFFLINE/INSECURE MODE!
[19:02:23] [Server thread/WARN]: The server will make no attempt to authenticate usernames. Beware.
[19:02:23] [Server thread/WARN]: While this makes the game possible to play without internet access, it also opens up the ability for hackers to connect with any username they choose.
[19:02:23] [Server thread/WARN]: To change this, set "online-mode" to "true" in the server.properties file.
[19:02:23] [Server thread/INFO]: Preparing level "world"
[19:02:24] [Server thread/INFO]: Preparing start region for dimension minecraft:overworld
[19:02:27] [Server thread/INFO]: Time elapsed: 3449 ms
[19:02:27] [Server thread/INFO]: Preparing start region for dimension minecraft:the_nether
[19:02:29] [Server thread/INFO]: Time elapsed: 1224 ms
[19:02:29] [Server thread/INFO]: Preparing start region for dimension minecraft:the_end
[19:02:30] [Server thread/INFO]: Time elapsed: 986 ms
[19:02:30] [Server thread/INFO]: [spark] Starting background profiler...
[19:02:31] [Server thread/INFO]: Done preparing level "world" (8.633s)
[19:02:31] [Server thread/INFO]: Running delayed init tasks
[19:02:31] [Server thread/INFO]: Done (36.860s)! For help, type "help"
[19:02:31] [Server thread/INFO]: Timings Reset
[19:02:41] [User Authenticator #0/INFO]: UUID of player nahukkj is ad5b0317-fb99-3a40-9492-d6cfa8a50b85
[19:02:42] [Server thread/INFO]: nahukkj joined the game
[19:02:43] [Server thread/INFO]: nahukkj[/100.108.19.43:54617] logged in with entity id 26 at ([world]-509.9001231235839, 67.0, -2721.759122963924)
[19:02:49] [Server thread/WARN]: Can't keep up! Is the server overloaded? Running 2526ms or 50 ticks behind
[19:03:35] [Server thread/INFO]: nahukkj lost connection: Timed out
[19:03:35] [Server thread/INFO]: nahukkj left the game
[19:03:48] [User Authenticator #1/INFO]: UUID of player nahukkj is ad5b0317-fb99-3a40-9492-d6cfa8a50b85
[19:03:50] [Server thread/INFO]: nahukkj joined the game
[19:03:50] [Server thread/INFO]: nahukkj[/100.108.19.43:54667] logged in with entity id 516 at ([world]-499.808688235139, 66.0, -2692.1521422828328)
[19:04:21] [Server thread/INFO]: nahukkj lost connection: Timed out
[19:04:21] [Server thread/INFO]: nahukkj left the game
[19:05:04] [Server thread/INFO]: Unknown or incomplete command, see below for error
/op nahukkj<--[HERE]
[19:05:11] [User Authenticator #2/INFO]: UUID of player nahukkj is ad5b0317-fb99-3a40-9492-d6cfa8a50b85
[19:05:12] [Server thread/INFO]: nahukkj joined the game
[19:05:12] [Server thread/INFO]: nahukkj[/100.108.19.43:54779] logged in with entity id 861 at ([world]-499.808688235139, 66.0, -2692.1521422828328)
[19:05:16] [Server thread/INFO]: Unknown or incomplete command, see below for error
/op nahukkj<--[HERE]
[19:06:05] [Server thread/INFO]: nahukkj lost connection: Disconnected
[19:06:05] [Server thread/INFO]: nahukkj left the game
[19:06:17] [User Authenticator #3/INFO]: UUID of player nahukkj is ad5b0317-fb99-3a40-9492-d6cfa8a50b85
[19:06:18] [Server thread/INFO]: nahukkj joined the game
[19:06:18] [Server thread/INFO]: nahukkj[/100.108.19.43:54823] logged in with entity id 1514 at ([world]-525.9232410701424, 64.875, -2560.957977127667)
[19:07:54] [Server thread/INFO]: nahukkj lost connection: Disconnected
[19:07:54] [Server thread/INFO]: nahukkj left the game
[19:09:08] [User Authenticator #4/INFO]: UUID of player nahukkj is ad5b0317-fb99-3a40-9492-d6cfa8a50b85
[19:09:10] [Server thread/INFO]: nahukkj joined the game
[19:09:10] [Server thread/INFO]: nahukkj[/100.108.19.43:54968] logged in with entity id 2073 at ([world]-528.2141683610693, 64.5, -2512.3184426332064)
[19:09:32] [Server thread/INFO]: nahukkj lost connection: Disconnected
[19:09:32] [Server thread/INFO]: nahukkj left the game
